Analyzing meetra_app...                                         

   info - Don't invoke 'print' in production code - extract_code.dart:9:5 - avoid_print
   info - Don't invoke 'print' in production code - extract_code.dart:14:13 - avoid_print
   info - Don't invoke 'print' in production code - extract_code.dart:16:13 - avoid_print
   info - Don't invoke 'print' in production code - extract_code.dart:19:13 - avoid_print
   info - Don't invoke 'print' in production code - extract_code.dart:20:13 - avoid_print
   info - Don't invoke 'print' in production code - extract_code.dart:23:9 - avoid_print
   info - Don't invoke 'print' in production code - extract_code.dart:24:9 - avoid_print
   info - Don't invoke 'print' in production code - extract_code.dart:29:3 - avoid_print
   info - Don't invoke 'print' in production code - extract_code.dart:34:3 - avoid_print
   info - Don't invoke 'print' in production code - fix_warnings.dart:29:9 - avoid_print
   info - Don't invoke 'print' in production code - fix_warnings.dart:33:3 - avoid_print
warning - Unused import: 'package:google_fonts/google_fonts.dart' - lib\admin_dashboard_screen.dart:4:8 - unused_import
   info - Use 'const' with the constructor to improve performance - lib\admin_dashboard_screen.dart:1298:19 - prefer_const_constructors
   info - Use 'const' with the constructor to improve performance - lib\admin_dashboard_screen.dart:1300:96 - prefer_const_constructors
   info - Use 'const' with the constructor to improve performance - lib\admin_dashboard_screen.dart:1306:23 - prefer_const_constructors
   info - Use 'const' with the constructor to improve performance - lib\admin_dashboard_screen.dart:1307:24 - prefer_const_constructors
   info - Use 'const' with the constructor to improve performance - lib\admin_dashboard_screen.dart:1307:49 - prefer_const_constructors
   info - Use 'const' with the constructor to improve performance - lib\admin_dashboard_screen.dart:1312:9 - prefer_const_constructors
   info - Use 'const' with the constructor to improve performance - lib\admin_dashboard_screen.dart:1348:30 - prefer_const_constructors
   info - Use 'const' with the constructor to improve performance - lib\admin_dashboard_screen.dart:1357:55 - prefer_const_constructors
   info - Use 'const' with the constructor to improve performance - lib\admin_dashboard_screen.dart:1365:25 - prefer_const_constructors
   info - Use 'const' with the constructor to improve performance - lib\admin_dashboard_screen.dart:1378:29 - prefer_const_constructors
   info - Use 'const' with the constructor to improve performance - lib\admin_dashboard_screen.dart:1393:65 - prefer_const_constructors
   info - Use 'const' with the constructor to improve performance - lib\admin_dashboard_screen.dart:1404:52 - prefer_const_constructors
   info - Use 'const' with the constructor to improve performance - lib\admin_dashboard_screen.dart:1404:72 - prefer_const_constructors
   info - Use 'const' with the constructor to improve performance - lib\admin_dashboard_screen.dart:1447:101 - prefer_const_constructors
warning - The declaration '_bg2' isn't referenced - lib\auth_screen.dart:12:7 - unused_element
warning - The declaration '_orange' isn't referenced - lib\auth_screen.dart:18:7 - unused_element
warning - The declaration '_glass' isn't referenced - lib\auth_screen.dart:25:7 - unused_element
   info - Statements in an if should be enclosed in a block - lib\auth_screen.dart:568:40 - curly_braces_in_flow_control_structures
   info - Statements in an if should be enclosed in a block - lib\auth_screen.dart:569:16 - curly_braces_in_flow_control_structures
   info - Statements in an if should be enclosed in a block - lib\bolroom\bolroom_communities_screen.dart:50:20 - curly_braces_in_flow_control_structures
   info - 'withOpacity' is deprecated and shouldn't be used. Use .withValues() to avoid precision loss - lib\bolroom\bolroom_communities_screen.dart:114:66 - deprecated_member_use
   info - 'withOpacity' is deprecated and shouldn't be used. Use .withValues() to avoid precision loss - lib\bolroom\bolroom_communities_screen.dart:188:56 - deprecated_member_use
   info - 'withOpacity' is deprecated and shouldn't be used. Use .withValues() to avoid precision loss - lib\bolroom\bolroom_communities_screen.dart:190:50 - deprecated_member_use
   info - 'withOpacity' is deprecated and shouldn't be used. Use .withValues() to avoid precision loss - lib\bolroom\bolroom_communities_screen.dart:243:32 - deprecated_member_use
   info - 'withOpacity' is deprecated and shouldn't be used. Use .withValues() to avoid precision loss - lib\bolroom\bolroom_communities_screen.dart:258:38 - deprecated_member_use
   info - 'withOpacity' is deprecated and shouldn't be used. Use .withValues() to avoid precision loss - lib\bolroom\bolroom_communities_screen.dart:356:61 - deprecated_member_use
   info - 'withOpacity' is deprecated and shouldn't be used. Use .withValues() to avoid precision loss - lib\bolroom\bolroom_communities_screen.dart:356:94 - deprecated_member_use
   info - 'withOpacity' is deprecated and shouldn't be used. Use .withValues() to avoid precision loss - lib\bolroom\bolroom_communities_screen.dart:358:80 - deprecated_member_use
   info - 'withOpacity' is deprecated and shouldn't be used. Use .withValues() to avoid precision loss - lib\bolroom\bolroom_communities_screen.dart:358:114 - deprecated_member_use
   info - 'withOpacity' is deprecated and shouldn't be used. Use .withValues() to avoid precision loss - lib\bolroom\bolroom_communities_screen.dart:390:134 - deprecated_member_use
   info - 'withOpacity' is deprecated and shouldn't be used. Use .withValues() to avoid precision loss - lib\bolroom\bolroom_communities_screen.dart:396:134 - deprecated_member_use
   info - 'withOpacity' is deprecated and shouldn't be used. Use .withValues() to avoid precision loss - lib\bolroom\bolroom_communities_screen.dart:407:46 - deprecated_member_use
   info - 'withOpacity' is deprecated and shouldn't be used. Use .withValues() to avoid precision loss - lib\bolroom\bolroom_communities_screen.dart:409:65 - deprecated_member_use
   info - The import of 'package:flutter/services.dart' is unnecessary because all of the used elements are also provided by the import of 'package:flutter/material.dart' - lib\bolroom\bolroom_community_detail_screen.dart:4:8 - unnecessary_import
   info - Statements in an if should be enclosed in a block - lib\bolroom\bolroom_community_detail_screen.dart:58:34 - curly_braces_in_flow_control_structures
   info - 'withOpacity' is deprecated and shouldn't be used. Use .withValues() to avoid precision loss - lib\bolroom\bolroom_dm_chat_screen.dart:184:33 - deprecated_member_use
   info - 'withOpacity' is deprecated and shouldn't be used. Use .withValues() to avoid precision loss - lib\bolroom\bolroom_dm_chat_screen.dart:242:57 - deprecated_member_use
   info - Statements in an if should be enclosed in a block - lib\bolroom\bolroom_dm_chat_screen.dart:305:29 - curly_braces_in_flow_control_structures
   info - Statements in an if should be enclosed in a block - lib\bolroom\bolroom_dm_chat_screen.dart:306:34 - curly_braces_in_flow_control_structures
   info - Statements in an if should be enclosed in a block - lib\bolroom\bolroom_dm_chat_screen.dart:307:12 - curly_braces_in_flow_control_structures
   info - 'withOpacity' is deprecated and shouldn't be used. Use .withValues() to avoid precision loss - lib\bolroom\bolroom_dm_chat_screen.dart:372:45 - deprecated_member_use
   info - 'withOpacity' is deprecated and shouldn't be used. Use .withValues() to avoid precision loss - lib\bolroom\bolroom_dm_chat_screen.dart:386:65 - deprecated_member_use
   info - 'withOpacity' is deprecated and shouldn't be used. Use .withValues() to avoid precision loss - lib\bolroom\bolroom_dm_chat_screen.dart:398:54 - deprecated_member_use
   info - 'withOpacity' is deprecated and shouldn't be used. Use .withValues() to avoid precision loss - lib\bolroom\bolroom_dm_chat_screen.dart:408:82 - deprecated_member_use
   info - 'withOpacity' is deprecated and shouldn't be used. Use .withValues() to avoid precision loss - lib\bolroom\bolroom_dm_chat_screen.dart:482:84 - deprecated_member_use
   info - 'withOpacity' is deprecated and shouldn't be used. Use .withValues() to avoid precision loss - lib\bolroom\bolroom_dm_chat_screen.dart:506:47 - deprecated_member_use
warning - Unused import: 'bolroom_theme.dart' - lib\bolroom\bolroom_dm_screen.dart:7:8 - unused_import
   info - 'withOpacity' is deprecated and shouldn't be used. Use .withValues() to avoid precision loss - lib\bolroom\bolroom_dm_screen.dart:144:56 - deprecated_member_use
   info - 'withOpacity' is deprecated and shouldn't be used. Use .withValues() to avoid precision loss - lib\bolroom\bolroom_dm_screen.dart:146:50 - deprecated_member_use
warning - The value of the local variable 'idx' isn't used - lib\bolroom\bolroom_dm_screen.dart:188:15 - unused_local_variable
   info - 'withOpacity' is deprecated and shouldn't be used. Use .withValues() to avoid precision loss - lib\bolroom\bolroom_dm_screen.dart:249:44 - deprecated_member_use
   info - 'withOpacity' is deprecated and shouldn't be used. Use .withValues() to avoid precision loss - lib\bolroom\bolroom_dm_screen.dart:320:49 - deprecated_member_use
   info - 'withOpacity' is deprecated and shouldn't be used. Use .withValues() to avoid precision loss - lib\bolroom\bolroom_dm_screen.dart:352:30 - deprecated_member_use
   info - 'withOpacity' is deprecated and shouldn't be used. Use .withValues() to avoid precision loss - lib\bolroom\bolroom_dm_screen.dart:378:125 - deprecated_member_use
   info - 'withOpacity' is deprecated and shouldn't be used. Use .withValues() to avoid precision loss - lib\bolroom\bolroom_dm_screen.dart:413:90 - deprecated_member_use
warning - Unused import: 'bolroom_theme.dart' - lib\bolroom\bolroom_profile_screen.dart:9:8 - unused_import
   info - 'withOpacity' is deprecated and shouldn't be used. Use .withValues() to avoid precision loss - lib\bolroom\bolroom_profile_screen.dart:152:48 - deprecated_member_use
   info - 'withOpacity' is deprecated and shouldn't be used. Use .withValues() to avoid precision loss - lib\bolroom\bolroom_profile_screen.dart:181:29 - deprecated_member_use
   info - 'activeColor' is deprecated and shouldn't be used. Use activeThumbColor instead. This feature was deprecated after v3.31.0-2.0.pre - lib\bolroom\bolroom_profile_screen.dart:561:19 - deprecated_member_use
   info - 'activeColor' is deprecated and shouldn't be used. Use activeThumbColor instead. This feature was deprecated after v3.31.0-2.0.pre - lib\bolroom\bolroom_profile_screen.dart:613:19 - deprecated_member_use
   info - 'activeColor' is deprecated and shouldn't be used. Use activeThumbColor instead. This feature was deprecated after v3.31.0-2.0.pre - lib\bolroom\bolroom_profile_screen.dart:651:19 - deprecated_member_use
   info - 'withOpacity' is deprecated and shouldn't be used. Use .withValues() to avoid precision loss - lib\bolroom\bolroom_profile_screen.dart:849:142 - deprecated_member_use
   info - 'withOpacity' is deprecated and shouldn't be used. Use .withValues() to avoid precision loss - lib\bolroom\bolroom_profile_screen.dart:855:159 - deprecated_member_use
   info - 'withOpacity' is deprecated and shouldn't be used. Use .withValues() to avoid precision loss - lib\bolroom\bolroom_profile_screen.dart:1030:60 - deprecated_member_use
   info - Use 'const' for final variables initialized to a constant value - lib\bolroom\bolroom_profile_settings.dart:154:5 - prefer_const_declarations
warning - Unused import: 'dart:ui' - lib\bolroom\bolroom_shell.dart:2:8 - unused_import
   info - 'withOpacity' is deprecated and shouldn't be used. Use .withValues() to avoid precision loss - lib\bolroom\bolroom_shell.dart:66:35 - deprecated_member_use
   info - 'withOpacity' is deprecated and shouldn't be used. Use .withValues() to avoid precision loss - lib\bolroom\bolroom_shell.dart:120:42 - deprecated_member_use
warning - Unused import: 'dart:convert' - lib\bolroom\bolroom_voice_screen.dart:6:8 - unused_import
warning - Unused import: 'package:http/http.dart' - lib\bolroom\bolroom_voice_screen.dart:7:8 - unused_import
warning - Unused import: 'package:geolocator/geolocator.dart' - lib\bolroom\bolroom_voice_screen.dart:8:8 - unused_import
warning - Unused import: 'package:flutter_animate/flutter_animate.dart' - lib\bolroom\bolroom_voice_screen.dart:10:8 - unused_import
warning - Unused import: 'bolroom_theme.dart' - lib\bolroom\bolroom_voice_screen.dart:13:8 - unused_import
   info - 'withOpacity' is deprecated and shouldn't be used. Use .withValues() to avoid precision loss - lib\bolroom\bolroom_voice_screen.dart:193:58 - deprecated_member_use
   info - 'withOpacity' is deprecated and shouldn't be used. Use .withValues() to avoid precision loss - lib\bolroom\bolroom_voice_screen.dart:232:49 - deprecated_member_use
   info - 'withOpacity' is deprecated and shouldn't be used. Use .withValues() to avoid precision loss - lib\bolroom\bolroom_voice_screen.dart:234:68 - deprecated_member_use
   info - 'withOpacity' is deprecated and shouldn't be used. Use .withValues() to avoid precision loss - lib\bolroom\bolroom_voice_screen.dart:305:56 - deprecated_member_use
   info - 'withOpacity' is deprecated and shouldn't be used. Use .withValues() to avoid precision loss - lib\bolroom\bolroom_voice_screen.dart:306:60 - deprecated_member_use
   info - 'withOpacity' is deprecated and shouldn't be used. Use .withValues() to avoid precision loss - lib\bolroom\bolroom_voice_screen.dart:332:47 - deprecated_member_use
   info - 'withOpacity' is deprecated and shouldn't be used. Use .withValues() to avoid precision loss - lib\bolroom\bolroom_voice_screen.dart:334:40 - deprecated_member_use
   info - 'withOpacity' is deprecated and shouldn't be used. Use .withValues() to avoid precision loss - lib\bolroom\bolroom_voice_screen.dart:376:70 - deprecated_member_use
   info - 'withOpacity' is deprecated and shouldn't be used. Use .withValues() to avoid precision loss - lib\bolroom\bolroom_voice_screen.dart:398:52 - deprecated_member_use
   info - 'withOpacity' is deprecated and shouldn't be used. Use .withValues() to avoid precision loss - lib\bolroom\bolroom_voice_screen.dart:572:60 - deprecated_member_use
   info - 'activeColor' is deprecated and shouldn't be used. Use activeThumbColor instead. This feature was deprecated after v3.31.0-2.0.pre - lib\bolroom\bolroom_voice_screen.dart:596:19 - deprecated_member_use
   info - 'activeColor' is deprecated and shouldn't be used. Use activeThumbColor instead. This feature was deprecated after v3.31.0-2.0.pre - lib\bolroom\bolroom_voice_screen.dart:604:19 - deprecated_member_use
   info - 'withOpacity' is deprecated and shouldn't be used. Use .withValues() to avoid precision loss - lib\bolroom\bolroom_voice_screen.dart:676:30 - deprecated_member_use
warning - The declaration '<unnamed>' isn't referenced - lib\chatroom_live_screen.dart:134:7 - unused_element
  error - Missing concrete implementation of 'State.build' - lib\chatroom_live_screen.dart:134:7 - non_abstract_class_inherits_abstract_member
warning - The declaration '_sendSystemCommand' isn't referenced - lib\chatroom_live_screen.dart:197:16 - unused_element
warning - The declaration '_colorForUser' isn't referenced - lib\chatroom_live_screen.dart:227:9 - unused_element
warning - The declaration '_toggleRecording' isn't referenced - lib\chatroom_live_screen.dart:314:16 - unused_element
warning - The declaration '_setPinnedPost' isn't referenced - lib\chatroom_live_screen.dart:323:16 - unused_element
warning - The declaration '_firstName' isn't referenced - lib\chatroom_live_screen.dart:334:10 - unused_element
  error - Expected a class member - lib\chatroom_live_screen.dart:339:7 - expected_class_member
  error - Expected an identifier - lib\chatroom_live_screen.dart:339:10 - missing_identifier
  error - Expected to find ')' - lib\chatroom_live_screen.dart:339:13 - expected_token
  error - 'catch' can't be used as an identifier because it's a keyword - lib\chatroom_live_screen.dart:346:7 - expected_identifier_but_got_keyword
  error - Expected a method, getter, setter or operator declaration - lib\chatroom_live_screen.dart:347:3 - expected_executable
  error - The function '_loadMyProfile' isn't defined - lib\chatroom_live_screen.dart:350:11 - undefined_function
  error - Undefined name '_sb' - lib\chatroom_live_screen.dart:352:13 - undefined_identifier
  error - Undefined name 'widget' - lib\chatroom_live_screen.dart:355:26 - undefined_identifier
  error - Undefined name '_myId' - lib\chatroom_live_screen.dart:356:26 - undefined_identifier
  error - Undefined name '_sb' - lib\chatroom_live_screen.dart:357:13 - undefined_identifier
  error - Undefined name 'widget' - lib\chatroom_live_screen.dart:358:20 - undefined_identifier
  error - Undefined name '_myId' - lib\chatroom_live_screen.dart:359:20 - undefined_identifier
  error - Undefined name '_myName' - lib\chatroom_live_screen.dart:360:22 - undefined_identifier
  error - Undefined name '_myAvatar' - lib\chatroom_live_screen.dart:361:23 - undefined_identifier
  error - Undefined name '_isHost' - lib\chatroom_live_screen.dart:362:23 - undefined_identifier
  error - Undefined name '_isMuted' - lib\chatroom_live_screen.dart:363:21 - undefined_identifier
  error - Undefined name '_sb' - lib\chatroom_live_screen.dart:366:13 - undefined_identifier
  error - Undefined name 'widget' - lib\chatroom_live_screen.dart:367:20 - undefined_identifier
  error - Undefined name '_myId' - lib\chatroom_live_screen.dart:368:20 - undefined_identifier
  error - Undefined name '_myName' - lib\chatroom_live_screen.dart:369:22 - undefined_identifier
  error - The function '_firstName' isn't defined - lib\chatroom_live_screen.dart:370:20 - undefined_function
  error - Undefined name '_myName' - lib\chatroom_live_screen.dart:370:31 - undefined_identifier
  error - Undefined name '_livekitRoom' - lib\chatroom_live_screen.dart:385:13 - undefined_identifier
  error - Undefined name 'mounted' - lib\chatroom_live_screen.dart:387:11 - undefined_identifier
  error - The function 'setState' isn't defined - lib\chatroom_live_screen.dart:387:20 - undefined_function
  error - Undefined name '_members' - lib\chatroom_live_screen.dart:387:35 - undefined_identifier
  error - Undefined name '_myId' - lib\chatroom_live_screen.dart:387:79 - undefined_identifier
  error - Undefined name '_sb' - lib\chatroom_live_screen.dart:388:13 - undefined_identifier
  error - Undefined name 'widget' - lib\chatroom_live_screen.dart:391:26 - undefined_identifier
  error - Undefined name '_myId' - lib\chatroom_live_screen.dart:392:26 - undefined_identifier
  error - Undefined name '_sb' - lib\chatroom_live_screen.dart:394:31 - undefined_identifier
  error - Undefined name 'widget' - lib\chatroom_live_screen.dart:397:26 - undefined_identifier
  error - Undefined name '_sb' - lib\chatroom_live_screen.dart:401:15 - undefined_identifier
  error - Undefined name 'widget' - lib\chatroom_live_screen.dart:401:55 - undefined_identifier
  error - Undefined name '_isHost' - lib\chatroom_live_screen.dart:402:18 - undefined_identifier
  error - Undefined name '_sb' - lib\chatroom_live_screen.dart:406:15 - undefined_identifier
  error - Undefined name 'widget' - lib\chatroom_live_screen.dart:409:23 - undefined_identifier
  error - Undefined name '_sb' - lib\chatroom_live_screen.dart:410:15 - undefined_identifier
  error - Undefined name 'widget' - lib\chatroom_live_screen.dart:411:22 - undefined_identifier
  error - The function '_firstName' isn't defined - lib\chatroom_live_screen.dart:414:22 - undefined_function
  error - Undefined name '_livekitRoom' - lib\chatroom_live_screen.dart:427:13 - undefined_identifier
  error - Undefined name 'mounted' - lib\chatroom_live_screen.dart:428:11 - undefined_identifier
  error - The function 'setState' isn't defined - lib\chatroom_live_screen.dart:428:20 - undefined_function
  error - Undefined name '_members' - lib\chatroom_live_screen.dart:428:35 - undefined_identifier
  error - Undefined name '_sb' - lib\chatroom_live_screen.dart:429:13 - undefined_identifier
  error - Undefined name 'widget' - lib\chatroom_live_screen.dart:429:65 - undefined_identifier
  error - Undefined name '_sb' - lib\chatroom_live_screen.dart:430:13 - undefined_identifier
  error - Undefined name 'widget' - lib\chatroom_live_screen.dart:430:53 - undefined_identifier
  error - Undefined name '_sb' - lib\chatroom_live_screen.dart:438:25 - undefined_identifier
  error - Undefined name 'widget' - lib\chatroom_live_screen.dart:441:26 - undefined_identifier
  error - Undefined name 'mounted' - lib\chatroom_live_screen.dart:443:12 - undefined_identifier
  error - Undefined name '_seenMemberIds' - lib\chatroom_live_screen.dart:448:32 - undefined_identifier
  error - Undefined name '_seenMemberIds' - lib\chatroom_live_screen.dart:449:11 - undefined_identifier
  error - Undefined name '_myId' - lib\chatroom_live_screen.dart:452:22 - undefined_identifier
  error - The function 'setState' isn't defined - lib\chatroom_live_screen.dart:462:7 - undefined_function
  error - Undefined name '_members' - lib\chatroom_live_screen.dart:463:9 - undefined_identifier
  error - Undefined name '_micRequests' - lib\chatroom_live_screen.dart:464:9 - undefined_identifier
  error - Undefined name '_membersNotify' - lib\chatroom_live_screen.dart:465:9 - undefined_identifier
  error - Undefined name '_micRequestsNotify' - lib\chatroom_live_screen.dart:466:9 - undefined_identifier
  error - Undefined name '_micRequests' - lib\chatroom_live_screen.dart:466:45 - undefined_identifier
  error - Undefined name '_myId' - lib\chatroom_live_screen.dart:469:62 - undefined_identifier
  error - Undefined name '_hasMicPermission' - lib\chatroom_live_screen.dart:472:11 - undefined_identifier
  error - Undefined name '_isHost' - lib\chatroom_live_screen.dart:472:59 - undefined_identifier
  error - Undefined name '_micRequestSent' - lib\chatroom_live_screen.dart:473:11 - undefined_identifier
  error - Undefined name '_hasMicPermission' - lib\chatroom_live_screen.dart:474:15 - undefined_identifier
  error - Undefined name '_isMuted' - lib\chatroom_live_screen.dart:475:13 - undefined_identifier
  error - Undefined name '_toastTimer' - lib\chatroom_live_screen.dart:483:5 - undefined_identifier
  error - The function 'setState' isn't defined - lib\chatroom_live_screen.dart:484:5 - undefined_function
  error - Undefined name '_joinToastText' - lib\chatroom_live_screen.dart:484:20 - undefined_identifier
  error - Undefined name '_toastTimer' - lib\chatroom_live_screen.dart:485:5 - undefined_identifier
  error - Undefined name 'mounted' - lib\chatroom_live_screen.dart:486:11 - undefined_identifier
  error - The function 'setState' isn't defined - lib\chatroom_live_screen.dart:486:20 - undefined_function
  error - Undefined name '_joinToastText' - lib\chatroom_live_screen.dart:486:35 - undefined_identifier
  error - Undefined name '_sb' - lib\chatroom_live_screen.dart:492:25 - undefined_identifier
  error - Undefined name 'widget' - lib\chatroom_live_screen.dart:495:26 - undefined_identifier
  error - Undefined name 'mounted' - lib\chatroom_live_screen.dart:498:11 - undefined_identifier
  error - The function 'setState' isn't defined - lib\chatroom_live_screen.dart:499:9 - undefined_function
  error - Undefined name '_messages' - lib\chatroom_live_screen.dart:499:24 - undefined_identifier
  error - Undefined name '_memberChannel' - lib\chatroom_live_screen.dart:507:9 - undefined_identifier
  error - Undefined name '_sb' - lib\chatroom_live_screen.dart:507:33 - undefined_identifier
  error - Undefined name '_memberChannel' - lib\chatroom_live_screen.dart:507:51 - undefined_identifier
  error - Undefined name '_msgChannel' - lib\chatroom_live_screen.dart:508:9 - undefined_identifier
  error - Undefined name '_sb' - lib\chatroom_live_screen.dart:508:30 - undefined_identifier
  error - Undefined name '_msgChannel' - lib\chatroom_live_screen.dart:508:48 - undefined_identifier
  error - Undefined name '_memberChannel' - lib\chatroom_live_screen.dart:510:5 - undefined_identifier
  error - Undefined name '_sb' - lib\chatroom_live_screen.dart:510:22 - undefined_identifier
  error - Undefined name 'widget' - lib\chatroom_live_screen.dart:510:40 - undefined_identifier
  error - Undefined name 'widget' - lib\chatroom_live_screen.dart:517:20 - undefined_identifier
  error - Undefined name 'mounted' - lib\chatroom_live_screen.dart:519:16 - undefined_identifier
  error - The function 'setState' isn't defined - lib\chatroom_live_screen.dart:523:15 - undefined_function
  error - Undefined name '_members' - lib\chatroom_live_screen.dart:524:19 - undefined_identifier
  error - Undefined name '_members' - lib\chatroom_live_screen.dart:528:20 - undefined_identifier
  error - The function 'setState' isn't defined - lib\chatroom_live_screen.dart:529:17 - undefined_function
  error - Undefined name '_members' - lib\chatroom_live_screen.dart:529:32 - undefined_identifier
  error - The function 'setState' isn't defined - lib\chatroom_live_screen.dart:535:15 - undefined_function
  error - Undefined name '_members' - lib\chatroom_live_screen.dart:536:29 - undefined_identifier
  error - Undefined name '_members' - lib\chatroom_live_screen.dart:538:19 - undefined_identifier
  error - Undefined name '_members' - lib\chatroom_live_screen.dart:540:19 - undefined_identifier
  error - Undefined name '_myId' - lib\chatroom_live_screen.dart:541:28 - undefined_identifier
  error - Undefined name '_hasMicPermission' - lib\chatroom_live_screen.dart:545:38 - undefined_identifier
  error - Undefined name '_hasMicPermission' - lib\chatroom_live_screen.dart:546:21 - undefined_identifier
  error - Undefined name '_micRequestSent' - lib\chatroom_live_screen.dart:547:21 - undefined_identifier
  error - Undefined name '_isMuted' - lib\chatroom_live_screen.dart:548:21 - undefined_identifier
  error - Undefined name '_livekitRoom' - lib\chatroom_live_screen.dart:549:21 - undefined_identifier
  error - Undefined name '_hasMicPermission' - lib\chatroom_live_screen.dart:551:45 - undefined_identifier
  error - Undefined name '_isHost' - lib\chatroom_live_screen.dart:551:67 - undefined_identifier
  error - Undefined name '_hasMicPermission' - lib\chatroom_live_screen.dart:552:21 - undefined_identifier
  error - Undefined name '_micRequestSent' - lib\chatroom_live_screen.dart:553:21 - undefined_identifier
  error - Undefined name '_isMuted' - lib\chatroom_live_screen.dart:554:21 - undefined_identifier
  error - Undefined name '_livekitRoom' - lib\chatroom_live_screen.dart:555:21 - undefined_identifier
  error - Undefined name '_hasMicPermission' - lib\chatroom_live_screen.dart:557:30 - undefined_identifier
  error - Undefined name '_isMuted' - lib\chatroom_live_screen.dart:558:38 - undefined_identifier
  error - Undefined name '_isMuted' - lib\chatroom_live_screen.dart:559:23 - undefined_identifier
  error - Undefined name '_livekitRoom' - lib\chatroom_live_screen.dart:560:23 - undefined_identifier
  error - Undefined name '_micRequests' - lib\chatroom_live_screen.dart:567:24 - undefined_identifier
  error - Undefined name '_micRequests' - lib\chatroom_live_screen.dart:568:21 - undefined_identifier
  error - Undefined name '_isHost' - lib\chatroom_live_screen.dart:569:25 - undefined_identifier
  error - Undefined name '_micRequests' - lib\chatroom_live_screen.dart:575:19 - undefined_identifier
  error - Undefined name '_membersNotify' - lib\chatroom_live_screen.dart:577:17 - undefined_identifier
  error - Undefined name '_members' - lib\chatroom_live_screen.dart:577:50 - undefined_identifier
  error - Undefined name '_micRequestsNotify' - lib\chatroom_live_screen.dart:578:17 - undefined_identifier
  error - Undefined name '_micRequests' - lib\chatroom_live_screen.dart:578:53 - undefined_identifier
  error - Undefined name '_memberChannel' - lib\chatroom_live_screen.dart:583:5 - undefined_identifier
  error - Undefined name '_msgChannel' - lib\chatroom_live_screen.dart:585:5 - undefined_identifier
  error - Undefined name '_sb' - lib\chatroom_live_screen.dart:585:19 - undefined_identifier
  error - Undefined name 'widget' - lib\chatroom_live_screen.dart:585:37 - undefined_identifier
  error - Undefined name 'widget' - lib\chatroom_live_screen.dart:592:20 - undefined_identifier
  error - Undefined name 'mounted' - lib\chatroom_live_screen.dart:594:16 - undefined_identifier
  error - Undefined name '_myId' - lib\chatroom_live_screen.dart:598:49 - undefined_identifier
  error - Undefined name '_sb' - lib\chatroom_live_screen.dart:599:17 - undefined_identifier
  error - Undefined name 'widget' - lib\chatroom_live_screen.dart:599:132 - undefined_identifier
  error - Undefined name '_myId' - lib\chatroom_live_screen.dart:599:161 - undefined_identifier
  error - Undefined name '_myId' - lib\chatroom_live_screen.dart:600:57 - undefined_identifier
  error - Undefined name '_sb' - lib\chatroom_live_screen.dart:601:17 - undefined_identifier
  error - Undefined name 'widget' - lib\chatroom_live_screen.dart:601:132 - undefined_identifier
  error - Undefined name '_myId' - lib\chatroom_live_screen.dart:601:161 - undefined_identifier
  error - Undefined name '_myId' - lib\chatroom_live_screen.dart:602:51 - undefined_identifier
  error - Undefined name '_sb' - lib\chatroom_live_screen.dart:603:17 - undefined_identifier
  error - Undefined name 'widget' - lib\chatroom_live_screen.dart:603:87 - undefined_identifier
  error - Undefined name '_myId' - lib\chatroom_live_screen.dart:603:116 - undefined_identifier
  error - Undefined name '_myId' - lib\chatroom_live_screen.dart:604:51 - undefined_identifier
  error - Undefined name '_isMinimized' - lib\chatroom_live_screen.dart:606:22 - undefined_identifier
  error - Undefined name 'mounted' - lib\chatroom_live_screen.dart:606:38 - undefined_identifier
  error - Undefined name 'context' - lib\chatroom_live_screen.dart:606:61 - undefined_identifier
  error - The function 'setState' isn't defined - lib\chatroom_live_screen.dart:611:13 - undefined_function
  error - Undefined name '_messages' - lib\chatroom_live_screen.dart:612:15 - undefined_identifier
  error - Undefined name '_msgChannel' - lib\chatroom_live_screen.dart:617:5 - undefined_identifier
  error - Undefined name '_scrollCtrl' - lib\chatroom_live_screen.dart:622:11 - undefined_identifier
  error - Undefined name '_scrollCtrl' - lib\chatroom_live_screen.dart:623:9 - undefined_identifier
  error - Undefined name '_scrollCtrl' - lib\chatroom_live_screen.dart:623:31 - undefined_identifier
  error - Can't have modifier 'static' here - lib\chatroom_live_screen.dart:629:3 - extraneous_modifier
  error - Can't have modifier 'static' here - lib\chatroom_live_screen.dart:632:3 - extraneous_modifier
  error - Undefined name '_myAvatar' - lib\chatroom_live_screen.dart:638:44 - undefined_identifier
  error - Undefined name '_myName' - lib\chatroom_live_screen.dart:639:15 - undefined_identifier
  error - Undefined name '_myId' - lib\chatroom_live_screen.dart:650:14 - undefined_identifier
  error - Undefined name 'widget' - lib\chatroom_live_screen.dart:679:33 - undefined_identifier
  error - Undefined name '_myId' - lib\chatroom_live_screen.dart:683:66 - undefined_identifier
  error - Undefined name '_livekitRoom' - lib\chatroom_live_screen.dart:692:7 - undefined_identifier
  error - Undefined name '_roomListener' - lib\chatroom_live_screen.dart:698:7 - undefined_identifier
  error - Undefined name '_livekitRoom' - lib\chatroom_live_screen.dart:698:23 - undefined_identifier
  error - Undefined name '_roomListener' - lib\chatroom_live_screen.dart:700:7 - undefined_identifier
  error - Undefined name 'mounted' - lib\chatroom_live_screen.dart:703:15 - undefined_identifier
  error - The function 'setState' isn't defined - lib\chatroom_live_screen.dart:703:24 - undefined_function
  error - Undefined name '_voiceReady' - lib\chatroom_live_screen.dart:703:39 - undefined_identifier
  error - Undefined name '_livekitRoom' - lib\chatroom_live_screen.dart:707:17 - undefined_identifier
  error - Undefined name '_isMuted' - lib\chatroom_live_screen.dart:707:71 - undefined_identifier
  error - Undefined name '_isMuted' - lib\chatroom_live_screen.dart:708:22 - undefined_identifier
  error - Undefined name 'mounted' - lib\chatroom_live_screen.dart:714:15 - undefined_identifier
  error - The function 'setState' isn't defined - lib\chatroom_live_screen.dart:714:24 - undefined_function
  error - Undefined name '_voiceReady' - lib\chatroom_live_screen.dart:714:39 - undefined_identifier
  error - Undefined name 'mounted' - lib\chatroom_live_screen.dart:719:16 - undefined_identifier
  error - The function 'setState' isn't defined - lib\chatroom_live_screen.dart:720:11 - undefined_function
  error - Undefined name '_speakingIdentities' - lib\chatroom_live_screen.dart:721:13 - undefined_identifier
  error - Undefined name '_livekitRoom' - lib\chatroom_live_screen.dart:725:13 - undefined_identifier
  error - Undefined name '_isMuted' - lib\chatroom_live_screen.dart:729:45 - undefined_identifier
  error - Undefined name '_isMuted' - lib\chatroom_live_screen.dart:739:23 - undefined_identifier
  error - The function 'setState' isn't defined - lib\chatroom_live_screen.dart:740:5 - undefined_function
  error - Undefined name '_isMuted' - lib\chatroom_live_screen.dart:740:20 - undefined_identifier
  error - Undefined name '_livekitRoom' - lib\chatroom_live_screen.dart:743:9 - undefined_identifier
  error - Undefined name '_livekitRoom' - lib\chatroom_live_screen.dart:747:13 - undefined_identifier
  error - Undefined name '_sb' - lib\chatroom_live_screen.dart:752:13 - undefined_identifier
  error - Undefined name 'widget' - lib\chatroom_live_screen.dart:755:26 - undefined_identifier
  error - Undefined name '_myId' - lib\chatroom_live_screen.dart:756:26 - undefined_identifier
  error - Undefined name '_msgCtrl' - lib\chatroom_live_screen.dart:761:9 - undefined_identifier
  error - Undefined name '_msgCtrl' - lib\chatroom_live_screen.dart:762:18 - undefined_identifier
  error - Undefined name '_msgCtrl' - lib\chatroom_live_screen.dart:763:5 - undefined_identifier
  error - Undefined name '_sb' - lib\chatroom_live_screen.dart:765:13 - undefined_identifier
  error - Undefined name 'widget' - lib\chatroom_live_screen.dart:766:20 - undefined_identifier
  error - Undefined name '_myId' - lib\chatroom_live_screen.dart:767:20 - undefined_identifier
  error - Undefined name '_myName' - lib\chatroom_live_screen.dart:768:22 - undefined_identifier
  error - Undefined name '_members' - lib\chatroom_live_screen.dart:777:7 - undefined_identifier
  error - Undefined name '_myId' - lib\chatroom_live_screen.dart:777:43 - undefined_identifier
  error - Undefined name '_members' - lib\chatroom_live_screen.dart:778:28 - undefined_identifier
  error - Undefined name 'widget' - lib\chatroom_live_screen.dart:782:27 - undefined_identifier
  error - Undefined name '_members' - lib\chatroom_live_screen.dart:784:27 - undefined_identifier
  error - Undefined name '_isHost' - lib\chatroom_live_screen.dart:788:11 - undefined_identifier
  error - The function '_firstName' isn't defined - lib\chatroom_live_screen.dart:828:27 - undefined_function
  error - Undefined name '_sb' - lib\chatroom_live_screen.dart:840:25 - undefined_identifier
  error - Undefined name 'widget' - lib\chatroom_live_screen.dart:844:36 - undefined_identifier
  error - The function '_sendSystemCommand' isn't defined - lib\chatroom_live_screen.dart:845:25 - undefined_function
  error - The function 'setState' isn't defined - lib\chatroom_live_screen.dart:846:19 - undefined_function
  error - Undefined name '_micRequests' - lib\chatroom_live_screen.dart:846:34 - undefined_identifier
  error - Undefined name '_sb' - lib\chatroom_live_screen.dart:861:25 - undefined_identifier
  error - Undefined name 'widget' - lib\chatroom_live_screen.dart:864:38 - undefined_identifier
  error - The function 'setState' isn't defined - lib\chatroom_live_screen.dart:866:19 - undefined_function
  error - Undefined name '_micRequests' - lib\chatroom_live_screen.dart:866:34 - undefined_identifier
  error - Undefined name 'context' - lib\chatroom_live_screen.dart:882:16 - undefined_identifier
  error - Undefined name 'widget' - lib\chatroom_live_screen.dart:892:31 - undefined_identifier
  error - Undefined name 'context' - lib\chatroom_live_screen.dart:895:16 - undefined_identifier
  error - The function '_colorForUser' isn't defined - lib\chatroom_live_screen.dart:919:26 - undefined_function
  error - The function '_colorForUser' isn't defined - lib\chatroom_live_screen.dart:923:34 - undefined_function
  error - Undefined name 'context' - lib\chatroom_live_screen.dart:953:31 - undefined_identifier
  error - Undefined name '_sb' - lib\chatroom_live_screen.dart:956:25 - undefined_identifier
  error - Undefined name 'widget' - lib\chatroom_live_screen.dart:963:38 - undefined_identifier
  error - The function '_sendSystemCommand' isn't defined - lib\chatroom_live_screen.dart:965:25 - undefined_function
  error - The function 'setState' isn't defined - lib\chatroom_live_screen.dart:966:19 - undefined_function
  error - Undefined name '_micRequests' - lib\chatroom_live_screen.dart:966:34 - undefined_identifier
  error - The function '_firstName' isn't defined - lib\chatroom_live_screen.dart:967:33 - undefined_function
  error - Undefined name '_sb' - lib\chatroom_live_screen.dart:970:25 - undefined_identifier
  error - Undefined name 'widget' - lib\chatroom_live_screen.dart:977:38 - undefined_identifier
  error - The function '_sendSystemCommand' isn't defined - lib\chatroom_live_screen.dart:979:25 - undefined_function
  error - The function 'setState' isn't defined - lib\chatroom_live_screen.dart:980:19 - undefined_function
  error - Undefined name '_micRequests' - lib\chatroom_live_screen.dart:980:34 - undefined_identifier
  error - The function '_firstName' isn't defined - lib\chatroom_live_screen.dart:981:48 - undefined_function
warning - The declaration '_showMicRequestPopup' isn't referenced - lib\chatroom_live_screen.dart:1005:8 - unused_element
   info - The local variable '_dialogTimer' starts with an underscore - lib\chatroom_live_screen.dart:1006:22 - no_leading_underscores_for_local_identifiers
  error - Undefined name 'context' - lib\chatroom_live_screen.dart:1008:18 - undefined_identifier
  error - The function '_firstName' isn't defined - lib\chatroom_live_screen.dart:1034:30 - undefined_function
  error - Undefined name '_sb' - lib\chatroom_live_screen.dart:1042:21 - undefined_identifier
  error - Undefined name 'widget' - lib\chatroom_live_screen.dart:1045:40 - undefined_identifier
  error - The function 'setState' isn't defined - lib\chatroom_live_screen.dart:1047:21 - undefined_function
  error - Undefined name '_micRequests' - lib\chatroom_live_screen.dart:1047:36 - undefined_identifier
  error - Undefined name '_sb' - lib\chatroom_live_screen.dart:1055:25 - undefined_identifier
  error - Undefined name 'widget' - lib\chatroom_live_screen.dart:1062:38 - undefined_identifier
  error - The function '_sendSystemCommand' isn't defined - lib\chatroom_live_screen.dart:1064:25 - undefined_function
  error - The function 'setState' isn't defined - lib\chatroom_live_screen.dart:1065:19 - undefined_function
  error - Undefined name '_micRequests' - lib\chatroom_live_screen.dart:1065:34 - undefined_identifier
  error - The function '_firstName' isn't defined - lib\chatroom_live_screen.dart:1066:48 - undefined_function
  error - Undefined name '_toastTimer' - lib\chatroom_live_screen.dart:1085:5 - undefined_identifier
  error - Undefined name '_chatFadeTimer' - lib\chatroom_live_screen.dart:1086:5 - undefined_identifier
  error - Undefined name '_pulseCtrl' - lib\chatroom_live_screen.dart:1087:5 - undefined_identifier
  error - Undefined name '_orbitCtrl' - lib\chatroom_live_screen.dart:1088:5 - undefined_identifier
  error - Undefined name '_orbitCtrl2' - lib\chatroom_live_screen.dart:1089:5 - undefined_identifier
  error - Undefined name '_roomListener' - lib\chatroom_live_screen.dart:1090:5 - undefined_identifier
  error - Undefined name '_memberChannel' - lib\chatroom_live_screen.dart:1091:9 - undefined_identifier
  error - Undefined name '_sb' - lib\chatroom_live_screen.dart:1091:33 - undefined_identifier
  error - Undefined name '_memberChannel' - lib\chatroom_live_screen.dart:1091:51 - undefined_identifier
  error - Undefined name '_msgChannel' - lib\chatroom_live_screen.dart:1092:9 - undefined_identifier
  error - Undefined name '_sb' - lib\chatroom_live_screen.dart:1092:30 - undefined_identifier
  error - Undefined name '_msgChannel' - lib\chatroom_live_screen.dart:1092:48 - undefined_identifier
  error - Undefined name '_msgCtrl' - lib\chatroom_live_screen.dart:1093:5 - undefined_identifier
  error - Undefined name '_scrollCtrl' - lib\chatroom_live_screen.dart:1094:5 - undefined_identifier
  error - Invalid context for 'super' invocation - lib\chatroom_live_screen.dart:1095:5 - super_in_invalid_context
  error - Undefined name '_isMinimized' - lib\chatroom_live_screen.dart:1100:9 - undefined_identifier
  error - Undefined name '_minimizedX' - lib\chatroom_live_screen.dart:1102:15 - undefined_identifier
  error - Undefined name '_minimizedY' - lib\chatroom_live_screen.dart:1103:14 - undefined_identifier
  error - The function 'setState' isn't defined - lib\chatroom_live_screen.dart:1106:13 - undefined_function
  error - Undefined name '_minimizedX' - lib\chatroom_live_screen.dart:1107:15 - undefined_identifier
  error - Undefined name '_minimizedY' - lib\chatroom_live_screen.dart:1108:15 - undefined_identifier
   info - 'withOpacity' is deprecated and shouldn't be used. Use .withValues() to avoid precision loss - lib\chatroom_live_screen.dart:1121:67 - deprecated_member_use
   info - 'withOpacity' is deprecated and shouldn't be used. Use .withValues() to avoid precision loss - lib\chatroom_live_screen.dart:1122:56 - deprecated_member_use
  error - Undefined name '_pulseCtrl' - lib\chatroom_live_screen.dart:1138:24 - undefined_identifier
  error - Undefined name '_pulseCtrl' - lib\chatroom_live_screen.dart:1144:36 - undefined_identifier
  error - The function '_colorForUser' isn't defined - lib\chatroom_live_screen.dart:1146:23 - undefined_function
  error - Undefined name 'widget' - lib\chatroom_live_screen.dart:1146:37 - undefined_identifier
  error - Undefined name '_pulseCtrl' - lib\chatroom_live_screen.dart:1146:72 - undefined_identifier
  error - Undefined name '_pinnedPost' - lib\chatroom_live_screen.dart:1162:27 - undefined_identifier
  error - Undefined name '_pinnedPost' - lib\chatroom_live_screen.dart:1162:50 - undefined_identifier
  error - Undefined name '_floatingReactions' - lib\chatroom_live_screen.dart:1174:14 - undefined_identifier
  error - Undefined name '_showChat' - lib\chatroom_live_screen.dart:1175:15 - undefined_identifier
  error - Undefined name '_joinToastText' - lib\chatroom_live_screen.dart:1176:15 - undefined_identifier
  error - Undefined name '_joinToastText' - lib\chatroom_live_screen.dart:1181:42 - undefined_identifier
  error - Undefined name '_isHost' - lib\chatroom_live_screen.dart:1189:20 - undefined_identifier
  error - The function 'setState' isn't defined - lib\chatroom_live_screen.dart:1190:19 - undefined_function
  error - Undefined name '_pinnedPost' - lib\chatroom_live_screen.dart:1191:17 - undefined_identifier
  error - Undefined name '_sb' - lib\chatroom_live_screen.dart:1192:17 - undefined_identifier
  error - Undefined name 'widget' - lib\chatroom_live_screen.dart:1194:61 - undefined_identifier
  error - Undefined name '_pinnedPost' - lib\chatroom_live_screen.dart:1209:27 - undefined_identifier
  error - Undefined name '_isHost' - lib\chatroom_live_screen.dart:1213:15 - undefined_identifier
  error - The function 'setState' isn't defined - lib\chatroom_live_screen.dart:1215:30 - undefined_function
  error - Undefined name '_pinnedPost' - lib\chatroom_live_screen.dart:1216:23 - undefined_identifier
  error - Undefined name '_sb' - lib\chatroom_live_screen.dart:1217:23 - undefined_identifier
  error - Undefined name 'widget' - lib\chatroom_live_screen.dart:1218:33 - undefined_identifier
  error - Undefined name 'context' - lib\chatroom_live_screen.dart:1274:45 - undefined_identifier
  error - Undefined name 'widget' - lib\chatroom_live_screen.dart:1280:22 - undefined_identifier
  error - Undefined name '_isRecording' - lib\chatroom_live_screen.dart:1283:21 - undefined_identifier
  error - Undefined name '_isHost' - lib\chatroom_live_screen.dart:1292:19 - undefined_identifier
  error - Undefined name 'mounted' - lib\chatroom_live_screen.dart:1296:21 - undefined_identifier
  error - Undefined name 'context' - lib\chatroom_live_screen.dart:1296:44 - undefined_identifier
   info - 'withOpacity' is deprecated and shouldn't be used. Use .withValues() to avoid precision loss - lib\chatroom_live_screen.dart:1302:39 - deprecated_member_use
  error - Undefined name 'context' - lib\chatroom_live_screen.dart:1314:18 - undefined_identifier
   info - 'withOpacity' is deprecated and shouldn't be used. Use .withValues() to avoid precision loss - lib\chatroom_live_screen.dart:1318:46 - deprecated_member_use
   info - 'withOpacity' is deprecated and shouldn't be used. Use .withValues() to avoid precision loss - lib\chatroom_live_screen.dart:1322:47 - deprecated_member_use
  error - Undefined name 'context' - lib\chatroom_live_screen.dart:1347:41 - undefined_identifier
  error - Undefined name 'mounted' - lib\chatroom_live_screen.dart:1349:31 - undefined_identifier
  error - Undefined name '_isMinimized' - lib\chatroom_live_screen.dart:1351:34 - undefined_identifier
  error - Undefined name 'context' - lib\chatroom_live_screen.dart:1351:62 - undefined_identifier
   info - 'withOpacity' is deprecated and shouldn't be used. Use .withValues() to avoid precision loss - lib\chatroom_live_screen.dart:1358:80 - deprecated_member_use
   info - 'withOpacity' is deprecated and shouldn't be used. Use .withValues() to avoid precision loss - lib\chatroom_live_screen.dart:1358:116 - deprecated_member_use
   info - 'withOpacity' is deprecated and shouldn't be used. Use .withValues() to avoid precision loss - lib\chatroom_live_screen.dart:1360:72 - deprecated_member_use
  error - Undefined name 'context' - lib\chatroom_live_screen.dart:1377:41 - undefined_identifier
  error - Undefined name 'mounted' - lib\chatroom_live_screen.dart:1379:31 - undefined_identifier
  error - Undefined name '_isMinimized' - lib\chatroom_live_screen.dart:1381:34 - undefined_identifier
  error - Undefined name 'context' - lib\chatroom_live_screen.dart:1381:62 - undefined_identifier
   info - 'withOpacity' is deprecated and shouldn't be used. Use .withValues() to avoid precision loss - lib\chatroom_live_screen.dart:1388:49 - deprecated_member_use
   info - 'withOpacity' is deprecated and shouldn't be used. Use .withValues() to avoid precision loss - lib\chatroom_live_screen.dart:1390:68 - deprecated_member_use
  error - Undefined name 'context' - lib\chatroom_live_screen.dart:1406:52 - undefined_identifier
warning - The declaration '_showHostSettings' isn't referenced - lib\chatroom_live_screen.dart:1419:8 - unused_element
  error - Undefined name 'context' - lib\chatroom_live_screen.dart:1421:18 - undefined_identifier
  error - Undefined name '_isRecording' - lib\chatroom_live_screen.dart:1437:23 - undefined_identifier
  error - Undefined name '_isRecording' - lib\chatroom_live_screen.dart:1439:23 - undefined_identifier
  error - Undefined name 'context' - lib\chatroom_live_screen.dart:1441:35 - undefined_identifier
  error - The function '_toggleRecording' isn't defined - lib\chatroom_live_screen.dart:1442:21 - undefined_function
  error - Undefined name 'context' - lib\chatroom_live_screen.dart:1447:35 - undefined_identifier
  error - Undefined name 'context' - lib\chatroom_live_screen.dart:1449:34 - undefined_identifier
  error - Undefined name '_pinnedCtrl' - lib\chatroom_live_screen.dart:1460:45 - undefined_identifier
  error - The function '_setPinnedPost' isn't defined - lib\chatroom_live_screen.dart:1481:37 - undefined_function
  error - Undefined name '_pinnedCtrl' - lib\chatroom_live_screen.dart:1481:52 - undefined_identifier
  error - Undefined name '_pinnedCtrl' - lib\chatroom_live_screen.dart:1482:37 - undefined_identifier
  error - Undefined name 'context' - lib\chatroom_live_screen.dart:1500:35 - undefined_identifier
  error - Undefined name 'context' - lib\chatroom_live_screen.dart:1506:35 - undefined_identifier
  error - Undefined name '_members' - lib\chatroom_live_screen.dart:1514:18 - undefined_identifier
  error - Undefined name 'widget' - lib\chatroom_live_screen.dart:1514:61 - undefined_identifier
  error - Undefined name 'widget' - lib\chatroom_live_screen.dart:1515:43 - undefined_identifier
  error - The function '_colorForUser' isn't defined - lib\chatroom_live_screen.dart:1516:22 - undefined_function
  error - Undefined name 'widget' - lib\chatroom_live_screen.dart:1516:36 - undefined_identifier
  error - Undefined name '_members' - lib\chatroom_live_screen.dart:1518:22 - undefined_identifier
  error - Undefined name 'widget' - lib\chatroom_live_screen.dart:1521:29 - undefined_identifier
  error - Undefined name '_members' - lib\chatroom_live_screen.dart:1523:23 - undefined_identifier
  error - Undefined name 'widget' - lib\chatroom_live_screen.dart:1527:29 - undefined_identifier
  error - Undefined name '_speakingIdentities' - lib\chatroom_live_screen.dart:1543:85 - undefined_identifier
  error - Undefined name 'widget' - lib\chatroom_live_screen.dart:1543:114 - undefined_identifier
  error - Undefined name '_myId' - lib\chatroom_live_screen.dart:1547:39 - undefined_identifier
  error - The function '_firstName' isn't defined - lib\chatroom_live_screen.dart:1548:51 - undefined_function
  error - The function '_colorForUser' isn't defined - lib\chatroom_live_screen.dart:1549:55 - undefined_function
  error - Undefined name '_speakingIdentities' - lib\chatroom_live_screen.dart:1549:102 - undefined_identifier
  error - Undefined name '_myId' - lib\chatroom_live_screen.dart:1570:42 - undefined_identifier
  error - The function '_firstName' isn't defined - lib\chatroom_live_screen.dart:1570:59 - undefined_function
  error - Undefined name '_myId' - lib\chatroom_live_screen.dart:1573:32 - undefined_identifier
  error - Undefined name '_isHost' - lib\chatroom_live_screen.dart:1573:42 - undefined_identifier
   info - 'withOpacity' is deprecated and shouldn't be used. Use .withValues() to avoid precision loss - lib\chatroom_live_screen.dart:1583:59 - deprecated_member_use
  error - Undefined name '_memberReactions' - lib\chatroom_live_screen.dart:1584:31 - undefined_identifier
  error - Undefined name '_memberReactions' - lib\chatroom_live_screen.dart:1587:43 - undefined_identifier
  error - Undefined name '_myId' - lib\chatroom_live_screen.dart:1611:25 - undefined_identifier
  error - Undefined name '_isHost' - lib\chatroom_live_screen.dart:1614:23 - undefined_identifier
  error - Undefined name '_memberReactions' - lib\chatroom_live_screen.dart:1625:19 - undefined_identifier
  error - Undefined name '_memberReactions' - lib\chatroom_live_screen.dart:1628:31 - undefined_identifier
   info - 'withOpacity' is deprecated and shouldn't be used. Use .withValues() to avoid precision loss - lib\chatroom_live_screen.dart:1653:53 - deprecated_member_use
   info - 'withOpacity' is deprecated and shouldn't be used. Use .withValues() to avoid precision loss - lib\chatroom_live_screen.dart:1666:45 - deprecated_member_use
   info - 'withOpacity' is deprecated and shouldn't be used. Use .withValues() to avoid precision loss - lib\chatroom_live_screen.dart:1669:30 - deprecated_member_use
  error - Undefined name 'context' - lib\chatroom_live_screen.dart:1692:16 - undefined_identifier
  error - Undefined name '_membersNotify' - lib\chatroom_live_screen.dart:1696:26 - undefined_identifier
  error - Undefined name '_micRequestsNotify' - lib\chatroom_live_screen.dart:1698:28 - undefined_identifier
  error - The argument type 'Object?' can't be assigned to the parameter type 'List<Map<String, dynamic>>'.  - lib\chatroom_live_screen.dart:1700:22 - argument_type_not_assignable
  error - Undefined name 'widget' - lib\chatroom_live_screen.dart:1701:21 - undefined_identifier
  error - Undefined name '_myId' - lib\chatroom_live_screen.dart:1702:19 - undefined_identifier
  error - Undefined name '_isHost' - lib\chatroom_live_screen.dart:1703:21 - undefined_identifier
  error - The argument type 'Object?' can't be assigned to the parameter type 'Set<String>'.  - lib\chatroom_live_screen.dart:1705:26 - argument_type_not_assignable
  error - Undefined name '_colorForUser' - lib\chatroom_live_screen.dart:1706:27 - undefined_identifier
  error - Undefined name '_speakingIdentities' - lib\chatroom_live_screen.dart:1707:26 - undefined_identifier
  error - Undefined name 'context' - lib\chatroom_live_screen.dart:1709:29 - undefined_identifier
  error - Undefined name '_sb' - lib\chatroom_live_screen.dart:1714:21 - undefined_identifier
  error - Undefined name 'widget' - lib\chatroom_live_screen.dart:1717:34 - undefined_identifier
  error - Undefined name 'widget' - lib\chatroom_live_screen.dart:1718:35 - undefined_identifier
  error - Undefined name '_sb' - lib\chatroom_live_screen.dart:1724:21 - undefined_identifier
  error - Undefined name 'widget' - lib\chatroom_live_screen.dart:1731:34 - undefined_identifier
  error - The function 'setState' isn't defined - lib\chatroom_live_screen.dart:1733:15 - undefined_function
  error - Undefined name '_micRequests' - lib\chatroom_live_screen.dart:1733:30 - undefined_identifier
  error - Undefined name '_micRequestsNotify' - lib\chatroom_live_screen.dart:1734:15 - undefined_identifier
  error - Undefined name '_micRequests' - lib\chatroom_live_screen.dart:1734:51 - undefined_identifier
  error - Undefined name '_sb' - lib\chatroom_live_screen.dart:1739:21 - undefined_identifier
  error - Undefined name 'widget' - lib\chatroom_live_screen.dart:1742:34 - undefined_identifier
  error - The function 'setState' isn't defined - lib\chatroom_live_screen.dart:1744:15 - undefined_function
  error - Undefined name '_micRequests' - lib\chatroom_live_screen.dart:1744:30 - undefined_identifier
  error - Undefined name '_micRequestsNotify' - lib\chatroom_live_screen.dart:1745:15 - undefined_identifier
  error - Undefined name '_micRequests' - lib\chatroom_live_screen.dart:1745:51 - undefined_identifier
  error - Undefined name '_sb' - lib\chatroom_live_screen.dart:1749:21 - undefined_identifier
  error - Undefined name 'widget' - lib\chatroom_live_screen.dart:1752:34 - undefined_identifier
  error - Undefined name '_myId' - lib\chatroom_live_screen.dart:1765:16 - undefined_identifier
  error - Undefined name 'widget' - lib\chatroom_live_screen.dart:1765:32 - undefined_identifier
  error - Undefined name '_isHost' - lib\chatroom_live_screen.dart:1770:23 - undefined_identifier
  error - Undefined name 'context' - lib\chatroom_live_screen.dart:1774:16 - undefined_identifier
  error - Undefined name 'context' - lib\chatroom_live_screen.dart:1865:33 - undefined_identifier
  error - Undefined name 'context' - lib\chatroom_live_screen.dart:1871:35 - undefined_identifier
  error - Undefined name '_sb' - lib\chatroom_live_screen.dart:1872:27 - undefined_identifier
  error - Undefined name 'widget' - lib\chatroom_live_screen.dart:1875:40 - undefined_identifier
  error - The function '_sendSystemCommand' isn't defined - lib\chatroom_live_screen.dart:1877:27 - undefined_function
  error - The function '_firstName' isn't defined - lib\chatroom_live_screen.dart:1878:41 - undefined_function
  error - Undefined name '_isHost' - lib\chatroom_live_screen.dart:1880:34 - undefined_identifier
  error - Undefined name 'context' - lib\chatroom_live_screen.dart:1883:35 - undefined_identifier
  error - Undefined name '_sb' - lib\chatroom_live_screen.dart:1888:27 - undefined_identifier
  error - Undefined name 'widget' - lib\chatroom_live_screen.dart:1891:40 - undefined_identifier
  error - Undefined name 'context' - lib\chatroom_live_screen.dart:1903:35 - undefined_identifier
  error - Undefined name '_sb' - lib\chatroom_live_screen.dart:1908:27 - undefined_identifier
  error - Undefined name 'widget' - lib\chatroom_live_screen.dart:1915:40 - undefined_identifier
  error - The function '_sendSystemCommand' isn't defined - lib\chatroom_live_screen.dart:1917:42 - undefined_function
  error - The function '_sendSystemCommand' isn't defined - lib\chatroom_live_screen.dart:1918:32 - undefined_function
  error - Undefined name 'context' - lib\chatroom_live_screen.dart:1924:35 - undefined_identifier
  error - The function 'setState' isn't defined - lib\chatroom_live_screen.dart:1925:21 - undefined_function
  error - Undefined name '_bannedUserIds' - lib\chatroom_live_screen.dart:1926:23 - undefined_identifier
  error - Undefined name '_members' - lib\chatroom_live_screen.dart:1927:23 - undefined_identifier
  error - Undefined name '_sb' - lib\chatroom_live_screen.dart:1930:27 - undefined_identifier
  error - Undefined name 'widget' - lib\chatroom_live_screen.dart:1933:40 - undefined_identifier
  error - The function '_sendSystemCommand' isn't defined - lib\chatroom_live_screen.dart:1935:27 - undefined_function
  error - Undefined name '_sb' - lib\chatroom_live_screen.dart:1936:27 - undefined_identifier
  error - Undefined name 'widget' - lib\chatroom_live_screen.dart:1937:34 - undefined_identifier
  error - Undefined name '_myId' - lib\chatroom_live_screen.dart:1939:36 - undefined_identifier
  error - The function '_firstName' isn't defined - lib\chatroom_live_screen.dart:1943:39 - undefined_function
  error - Undefined name 'context' - lib\chatroom_live_screen.dart:1945:33 - undefined_identifier
  error - Undefined name 'context' - lib\chatroom_live_screen.dart:1987:18 - undefined_identifier
  error - Undefined name 'context' - lib\chatroom_live_screen.dart:2001:45 - undefined_identifier
  error - Undefined name '_reactionIdCounter' - lib\chatroom_live_screen.dart:2012:16 - undefined_identifier
  error - Undefined name 'context' - lib\chatroom_live_screen.dart:2013:35 - undefined_identifier
  error - Undefined name 'context' - lib\chatroom_live_screen.dart:2014:35 - undefined_identifier
  error - The function 'setState' isn't defined - lib\chatroom_live_screen.dart:2022:5 - undefined_function
  error - Undefined name '_floatingReactions' - lib\chatroom_live_screen.dart:2023:7 - undefined_identifier
  error - Undefined name '_memberReactions' - lib\chatroom_live_screen.dart:2025:7 - undefined_identifier
  error - Undefined name '_myId' - lib\chatroom_live_screen.dart:2025:24 - undefined_identifier
  error - Undefined name '_sb' - lib\chatroom_live_screen.dart:2028:5 - undefined_identifier
  error - Undefined name 'widget' - lib\chatroom_live_screen.dart:2029:18 - undefined_identifier
  error - Undefined name '_myId' - lib\chatroom_live_screen.dart:2030:18 - undefined_identifier
  error - Undefined name '_myName' - lib\chatroom_live_screen.dart:2031:20 - undefined_identifier
  error - Undefined name 'mounted' - lib\chatroom_live_screen.dart:2038:11 - undefined_identifier
  error - The function 'setState' isn't defined - lib\chatroom_live_screen.dart:2039:9 - undefined_function
  error - Undefined name '_floatingReactions' - lib\chatroom_live_screen.dart:2040:11 - undefined_identifier
  error - Undefined name '_memberReactions' - lib\chatroom_live_screen.dart:2041:11 - undefined_identifier
  error - Undefined name '_myId' - lib\chatroom_live_screen.dart:2041:35 - undefined_identifier
  error - Undefined name '_messages' - lib\chatroom_live_screen.dart:2060:22 - undefined_identifier
   info - 'withOpacity' is deprecated and shouldn't be used. Use .withValues() to avoid precision loss - lib\chatroom_live_screen.dart:2074:50 - deprecated_member_use
   info - Use 'const' with the constructor to improve performance - lib\chatroom_live_screen.dart:2079:20 - prefer_const_constructors
   info - Use 'const' literals as arguments to constructors of '@immutable' classes - lib\chatroom_live_screen.dart:2082:23 - prefer_const_literals_to_create_immutables
  error - The function '_colorForUser' isn't defined - lib\chatroom_live_screen.dart:2094:29 - undefined_function
  error - The function '_firstName' isn't defined - lib\chatroom_live_screen.dart:2095:28 - undefined_function
   info - 'withOpacity' is deprecated and shouldn't be used. Use .withValues() to avoid precision loss - lib\chatroom_live_screen.dart:2103:43 - deprecated_member_use
   info - 'withOpacity' is deprecated and shouldn't be used. Use .withValues() to avoid precision loss - lib\chatroom_live_screen.dart:2120:51 - deprecated_member_use
  error - Undefined name 'context' - lib\chatroom_live_screen.dart:2142:26 - undefined_identifier
  error - The function 'setState' isn't defined - lib\chatroom_live_screen.dart:2146:13 - undefined_function
  error - Undefined name '_showChat' - lib\chatroom_live_screen.dart:2146:28 - undefined_identifier
  error - Undefined name '_messages' - lib\chatroom_live_screen.dart:2186:28 - undefined_identifier
  error - The function 'setState' isn't defined - lib\chatroom_live_screen.dart:2196:36 - undefined_function
  error - Undefined name '_showChat' - lib\chatroom_live_screen.dart:2196:51 - undefined_identifier
  error - Undefined name '_scrollCtrl' - lib\chatroom_live_screen.dart:2224:21 - undefined_identifier
  error - Undefined name '_messages' - lib\chatroom_live_screen.dart:2226:20 - undefined_identifier
  error - Undefined name '_messages' - lib\chatroom_live_screen.dart:2228:23 - undefined_identifier
  error - The function '_colorForUser' isn't defined - lib\chatroom_live_screen.dart:2240:25 - undefined_function
  error - Undefined name '_msgCtrl' - lib\chatroom_live_screen.dart:2288:29 - undefined_identifier
  error - The function 'setState' isn't defined - lib\chatroom_live_screen.dart:2304:15 - undefined_function
  error - Undefined name '_chatActive' - lib\chatroom_live_screen.dart:2304:30 - undefined_identifier
  error - Undefined name '_chatFadeTimer' - lib\chatroom_live_screen.dart:2305:15 - undefined_identifier
  error - Undefined name '_chatFadeTimer' - lib\chatroom_live_screen.dart:2306:15 - undefined_identifier
  error - Undefined name 'mounted' - lib\chatroom_live_screen.dart:2307:21 - undefined_identifier
  error - The function 'setState' isn't defined - lib\chatroom_live_screen.dart:2307:30 - undefined_function
  error - Undefined name '_chatActive' - lib\chatroom_live_screen.dart:2307:45 - undefined_identifier
   info - 'withOpacity' is deprecated and shouldn't be used. Use .withValues() to avoid precision loss - lib\chatroom_live_screen.dart:2322:42 - deprecated_member_use
   info - 'withOpacity' is deprecated and shouldn't be used. Use .withValues() to avoid precision loss - lib\chatroom_live_screen.dart:2325:53 - deprecated_member_use
  error - The function 'setState' isn't defined - lib\chatroom_live_screen.dart:2332:28 - undefined_function
  error - Undefined name '_isVoiceMasked' - lib\chatroom_live_screen.dart:2332:43 - undefined_identifier
  error - Undefined name '_isVoiceMasked' - lib\chatroom_live_screen.dart:2332:61 - undefined_identifier
  error - Undefined name '_isVoiceMasked' - lib\chatroom_live_screen.dart:2333:47 - undefined_identifier
  error - Undefined name '_hasMicPermission' - lib\chatroom_live_screen.dart:2345:21 - undefined_identifier
  error - Undefined name '_isHost' - lib\chatroom_live_screen.dart:2345:42 - undefined_identifier
  error - Undefined name '_micRequestSent' - lib\chatroom_live_screen.dart:2347:29 - undefined_identifier
  error - Undefined name '_micRequestSent' - lib\chatroom_live_screen.dart:2355:26 - undefined_identifier
  error - Undefined name '_hasMicPermission' - lib\chatroom_live_screen.dart:2355:61 - undefined_identifier
  error - Undefined name '_isMuted' - lib\chatroom_live_screen.dart:2355:83 - undefined_identifier
  error - The function '_colorForUser' isn't defined - lib\chatroom_live_screen.dart:2355:95 - undefined_function
  error - Undefined name '_myId' - lib\chatroom_live_screen.dart:2355:109 - undefined_identifier
  error - Undefined name '_hasMicPermission' - lib\chatroom_live_screen.dart:2356:31 - undefined_identifier
  error - Undefined name '_isMuted' - lib\chatroom_live_screen.dart:2356:53 - undefined_identifier
  error - The function '_colorForUser' isn't defined - lib\chatroom_live_screen.dart:2356:83 - undefined_function
  error - Undefined name '_myId' - lib\chatroom_live_screen.dart:2356:97 - undefined_identifier
  error - Undefined name '_micRequestSent' - lib\chatroom_live_screen.dart:2358:24 - undefined_identifier
  error - Undefined name '_hasMicPermission' - lib\chatroom_live_screen.dart:2359:20 - undefined_identifier
  error - Undefined name '_isMuted' - lib\chatroom_live_screen.dart:2359:42 - undefined_identifier
  error - Undefined name '_members' - lib\chatroom_live_screen.dart:2374:23 - undefined_identifier
  error - Undefined name '_members' - lib\chatroom_live_screen.dart:2380:40 - undefined_identifier
  error - The function 'setState' isn't defined - lib\chatroom_live_screen.dart:2389:28 - undefined_function
  error - Undefined name '_showChat' - lib\chatroom_live_screen.dart:2389:43 - undefined_identifier
warning - The declaration '_shareSpace' isn't referenced - lib\chatroom_live_screen.dart:2398:8 - unused_element
  error - Undefined name 'context' - lib\chatroom_live_screen.dart:2400:18 - undefined_identifier
  error - Undefined name 'context' - lib\chatroom_live_screen.dart:2416:35 - undefined_identifier
  error - Undefined name 'widget' - lib\chatroom_live_screen.dart:2418:59 - undefined_identifier
  error - Undefined name 'context' - lib\chatroom_live_screen.dart:2423:35 - undefined_identifier
  error - Undefined name 'context' - lib\chatroom_live_screen.dart:2429:35 - undefined_identifier
warning - The declaration '_iconBtn' isn't referenced - lib\chatroom_live_screen.dart:2435:10 - unused_element
   info - Use 'const' with the constructor to improve performance - lib\chatroom_live_screen.dart:2441:25 - prefer_const_constructors
   info - Use 'const' with the constructor to improve performance - lib\chatroom_live_screen.dart:2451:37 - prefer_const_constructors
  error - The function 'setState' isn't defined - lib\chatroom_live_screen.dart:2460:5 - undefined_function
  error - Undefined name '_micRequestSent' - lib\chatroom_live_screen.dart:2460:20 - undefined_identifier
  error - Undefined name '_sb' - lib\chatroom_live_screen.dart:2463:5 - undefined_identifier
  error - Undefined name 'widget' - lib\chatroom_live_screen.dart:2466:24 - undefined_identifier
  error - Undefined name '_myId' - lib\chatroom_live_screen.dart:2467:24 - undefined_identifier
  error - Undefined name '_sb' - lib\chatroom_live_screen.dart:2468:5 - undefined_identifier
  error - Undefined name 'widget' - lib\chatroom_live_screen.dart:2469:18 - undefined_identifier
  error - Undefined name '_myId' - lib\chatroom_live_screen.dart:2470:18 - undefined_identifier
  error - Undefined name '_myName' - lib\chatroom_live_screen.dart:2471:20 - undefined_identifier
  error - The function '_firstName' isn't defined - lib\chatroom_live_screen.dart:2472:22 - undefined_function
  error - Undefined name '_myName' - lib\chatroom_live_screen.dart:2472:33 - undefined_identifier
  error - Expected a method, getter, setter or operator declaration - lib\chatroom_live_screen.dart:2477:1 - expected_executable
   info - 'withOpacity' is deprecated and shouldn't be used. Use .withValues() to avoid precision loss - lib\chatroom_live_screen.dart:2571:43 - deprecated_member_use
   info - 'withOpacity' is deprecated and shouldn't be used. Use .withValues() to avoid precision loss - lib\chatroom_live_screen.dart:2572:43 - deprecated_member_use
   info - 'withOpacity' is deprecated and shouldn't be used. Use .withValues() to avoid precision loss - lib\chatroom_live_screen.dart:2573:43 - deprecated_member_use
   info - 'withOpacity' is deprecated and shouldn't be used. Use .withValues() to avoid precision loss - lib\chatroom_live_screen.dart:2576:66 - deprecated_member_use
   info - 'withOpacity' is deprecated and shouldn't be used. Use .withValues() to avoid precision loss - lib\chatroom_live_screen.dart:2600:52 - deprecated_member_use
   info - 'withOpacity' is deprecated and shouldn't be used. Use .withValues() to avoid precision loss - lib\chatroom_live_screen.dart:2602:71 - deprecated_member_use
   info - 'withOpacity' is deprecated and shouldn't be used. Use .withValues() to avoid precision loss - lib\chatroom_live_screen.dart:2603:74 - deprecated_member_use
   info - 'withOpacity' is deprecated and shouldn't be used. Use .withValues() to avoid precision loss - lib\chatroom_live_screen.dart:2614:76 - deprecated_member_use
   info - 'withOpacity' is deprecated and shouldn't be used. Use .withValues() to avoid precision loss - lib\chatroom_live_screen.dart:2614:111 - deprecated_member_use
   info - 'withOpacity' is deprecated and shouldn't be used. Use .withValues() to avoid precision loss - lib\chatroom_live_screen.dart:2616:68 - deprecated_member_use
   info - 'withOpacity' is deprecated and shouldn't be used. Use .withValues() to avoid precision loss - lib\chatroom_live_screen.dart:2631:37 - deprecated_member_use
   info - 'withOpacity' is deprecated and shouldn't be used. Use .withValues() to avoid precision loss - lib\chatroom_live_screen.dart:2633:56 - deprecated_member_use
   info - 'withOpacity' is deprecated and shouldn't be used. Use .withValues() to avoid precision loss - lib\chatroom_live_screen.dart:2671:41 - deprecated_member_use
   info - 'withOpacity' is deprecated and shouldn't be used. Use .withValues() to avoid precision loss - lib\chatroom_live_screen.dart:2673:60 - deprecated_member_use
   info - 'withOpacity' is deprecated and shouldn't be used. Use .withValues() to avoid precision loss - lib\chatroom_live_screen.dart:2683:43 - deprecated_member_use
   info - 'withOpacity' is deprecated and shouldn't be used. Use .withValues() to avoid precision loss - lib\chatroom_live_screen.dart:2685:62 - deprecated_member_use
   info - 'withOpacity' is deprecated and shouldn't be used. Use .withValues() to avoid precision loss - lib\chatroom_live_screen.dart:2718:29 - deprecated_member_use
   info - 'withOpacity' is deprecated and shouldn't be used. Use .withValues() to avoid precision loss - lib\chatroom_live_screen.dart:2719:60 - deprecated_member_use
   info - 'withOpacity' is deprecated and shouldn't be used. Use .withValues() to avoid precision loss - lib\chatroom_live_screen.dart:2769:50 - deprecated_member_use
   info - 'withOpacity' is deprecated and shouldn't be used. Use .withValues() to avoid precision loss - lib\chatroom_live_screen.dart:2784:56 - deprecated_member_use
   info - 'withOpacity' is deprecated and shouldn't be used. Use .withValues() to avoid precision loss - lib\chatroom_live_screen.dart:2784:87 - deprecated_member_use
   info - 'withOpacity' is deprecated and shouldn't be used. Use .withValues() to avoid precision loss - lib\chatroom_live_screen.dart:2786:48 - deprecated_member_use
   info - 'withOpacity' is deprecated and shouldn't be used. Use .withValues() to avoid precision loss - lib\chatroom_live_screen.dart:2802:143 - deprecated_member_use
   info - 'withOpacity' is deprecated and shouldn't be used. Use .withValues() to avoid precision loss - lib\chatroom_live_screen.dart:2858:69 - deprecated_member_use
   info - 'withOpacity' is deprecated and shouldn't be used. Use .withValues() to avoid precision loss - lib\chatroom_live_screen.dart:2907:68 - deprecated_member_use
   info - 'withOpacity' is deprecated and shouldn't be used. Use .withValues() to avoid precision loss - lib\chatroom_live_screen.dart:2918:56 - deprecated_member_use
   info - 'withOpacity' is deprecated and shouldn't be used. Use .withValues() to avoid precision loss - lib\chatroom_live_screen.dart:2920:75 - deprecated_member_use
   info - 'withOpacity' is deprecated and shouldn't be used. Use .withValues() to avoid precision loss - lib\chatroom_live_screen.dart:3019:48 - deprecated_member_use
   info - Use interpolation to compose strings and values - lib\chatrooms_screen.dart:49:12 - prefer_interpolation_to_compose_strings
warning - The declaration '_buildAvatarCircle' isn't referenced - lib\chatrooms_screen.dart:367:10 - unused_element
   info - Use 'const' with the constructor to improve performance - lib\chatrooms_screen.dart:404:23 - prefer_const_constructors
   info - Use 'const' with the constructor to improve performance - lib\chatrooms_screen.dart:475:29 - prefer_const_constructors
   info - Use 'const' with the constructor to improve performance - lib\chatrooms_screen.dart:764:15 - prefer_const_constructors
   info - Statements in an if should be enclosed in a block - lib\dashboard_detail_screens.dart:104:11 - curly_braces_in_flow_control_structures
   info - The local variable '_c' starts with an underscore - lib\dashboard_detail_screens.dart:217:67 - no_leading_underscores_for_local_identifiers
   info - Use 'const' with the constructor to improve performance - lib\dashboard_detail_screens.dart:277:13 - prefer_const_constructors
   info - Statements in an if should be enclosed in a block - lib\dashboard_detail_screens.dart:522:15 - curly_braces_in_flow_control_structures
   info - Statements in an if should be enclosed in a block - lib\dashboard_detail_screens.dart:524:15 - curly_braces_in_flow_control_structures
warning - Unused import: 'package:flutter_animate/flutter_animate.dart' - lib\edit_profile_screen.dart:5:8 - unused_import
warning - The value of the local variable 'card' isn't used - lib\edit_profile_screen.dart:112:11 - unused_local_variable
   info - Statements in an if should be enclosed in a block - lib\edit_profile_screen.dart:193:47 - curly_braces_in_flow_control_structures
   info - Statements in an if should be enclosed in a block - lib\edit_profile_screen.dart:193:74 - curly_braces_in_flow_control_structures
   info - Statements in an if should be enclosed in a block - lib\edit_profile_screen.dart:204:46 - curly_braces_in_flow_control_structures
   info - Statements in an if should be enclosed in a block - lib\edit_profile_screen.dart:204:72 - curly_braces_in_flow_control_structures
   info - 'activeColor' is deprecated and shouldn't be used. Use activeThumbColor instead. This feature was deprecated after v3.31.0-2.0.pre - lib\edit_profile_screen.dart:223:19 - deprecated_member_use
warning - The declaration '_buildQuickStats' isn't referenced - lib\experience_screen.dart:277:10 - unused_element
warning - The declaration '_buildStatChip' isn't referenced - lib\experience_screen.dart:282:10 - unused_element
warning - A value for optional parameter 'editId' isn't ever given - lib\experience_screen.dart:2224:40 - unused_element_parameter
warning - Unused import: 'dart:math' - lib\home_screen.dart:3:8 - unused_import
warning - Unused import: 'messages_screen.dart' - lib\home_screen.dart:19:8 - unused_import
warning - Unused import: 'chatrooms_screen.dart' - lib\home_screen.dart:20:8 - unused_import
warning - The value of the local variable 'isMe' isn't used - lib\home_screen.dart:703:11 - unused_local_variable
warning - The value of the local variable 'isFollowingUser' isn't used - lib\home_screen.dart:704:11 - unused_local_variable
   info - 'Share' is deprecated and shouldn't be used. Use SharePlus instead - lib\home_screen.dart:815:19 - deprecated_member_use
   info - 'share' is deprecated and shouldn't be used. Use SharePlus.instance.share() instead - lib\home_screen.dart:815:25 - deprecated_member_use
   info - Use 'const' literals as arguments to constructors of '@immutable' classes - lib\hosted_joined_screens.dart:391:21 - prefer_const_literals_to_create_immutables
   info - Use 'const' with the constructor to improve performance - lib\hosted_joined_screens.dart:392:17 - prefer_const_constructors
   info - Use 'const' with the constructor to improve performance - lib\hosted_joined_screens.dart:392:28 - prefer_const_constructors
   info - Use 'const' literals as arguments to constructors of '@immutable' classes - lib\hosted_joined_screens.dart:392:74 - prefer_const_literals_to_create_immutables
   info - Use 'const' with the constructor to improve performance - lib\hosted_joined_screens.dart:395:17 - prefer_const_constructors
   info - Use 'const' with the constructor to improve performance - lib\hosted_joined_screens.dart:395:28 - prefer_const_constructors
   info - Use 'const' literals as arguments to constructors of '@immutable' classes - lib\hosted_joined_screens.dart:395:74 - prefer_const_literals_to_create_immutables
   info - Statements in an if should be enclosed in a block - lib\hosted_joined_screens.dart:489:20 - curly_braces_in_flow_control_structures
warning - Unnecessary cast - lib\hosted_joined_screens.dart:490:20 - unnecessary_cast
warning - Unnecessary cast - lib\hosted_joined_screens.dart:491:21 - unnecessary_cast
   info - Use 'const' with the constructor to improve performance - lib\hosted_joined_screens.dart:692:17 - prefer_const_constructors
   info - Use 'const' literals as arguments to constructors of '@immutable' classes - lib\hosted_joined_screens.dart:692:38 - prefer_const_literals_to_create_immutables
   info - Use 'const' literals as arguments to constructors of '@immutable' classes - lib\hosted_joined_screens.dart:845:19 - prefer_const_literals_to_create_immutables
   info - Use 'const' with the constructor to improve performance - lib\hosted_joined_screens.dart:846:15 - prefer_const_constructors
   info - Use 'const' with the constructor to improve performance - lib\hosted_joined_screens.dart:846:26 - prefer_const_constructors
   info - Use 'const' literals as arguments to constructors of '@immutable' classes - lib\hosted_joined_screens.dart:846:72 - prefer_const_literals_to_create_immutables
   info - Use 'const' with the constructor to improve performance - lib\hosted_joined_screens.dart:849:15 - prefer_const_constructors
   info - Use 'const' with the constructor to improve performance - lib\hosted_joined_screens.dart:849:26 - prefer_const_constructors
   info - Use 'const' literals as arguments to constructors of '@immutable' classes - lib\hosted_joined_screens.dart:849:72 - prefer_const_literals_to_create_immutables
   info - Use 'const' with the constructor to improve performance - lib\hosted_joined_screens.dart:852:15 - prefer_const_constructors
   info - Use 'const' with the constructor to improve performance - lib\hosted_joined_screens.dart:852:26 - prefer_const_constructors
   info - Use 'const' literals as arguments to constructors of '@immutable' classes - lib\hosted_joined_screens.dart:852:72 - prefer_const_literals_to_create_immutables
   info - Statements in an if should be enclosed in a block - lib\hosted_joined_screens.dart:997:22 - curly_braces_in_flow_control_structures
   info - Statements in an if should be enclosed in a block - lib\hosted_joined_screens.dart:1034:20 - curly_braces_in_flow_control_structures
   info - Use 'const' with the constructor to improve performance - lib\main.dart:2165:21 - prefer_const_constructors
   info - Use 'const' literals as arguments to constructors of '@immutable' classes - lib\main.dart:2165:35 - prefer_const_literals_to_create_immutables
   info - Use 'const' with the constructor to improve performance - lib\main.dart:2165:36 - prefer_const_constructors
   info - Use 'const' with the constructor to improve performance - lib\main.dart:2165:122 - prefer_const_constructors
   info - Use 'const' with the constructor to improve performance - lib\main.dart:4054:29 - prefer_const_constructors
   info - Use 'const' with the constructor to improve performance - lib\main.dart:4055:38 - prefer_const_constructors
   info - Use 'const' literals as arguments to constructors of '@immutable' classes - lib\main.dart:4056:43 - prefer_const_literals_to_create_immutables
   info - Use 'const' with the constructor to improve performance - lib\main.dart:4143:70 - prefer_const_constructors
   info - Use 'const' with the constructor to improve performance - lib\main.dart:4144:38 - prefer_const_constructors
   info - Use 'const' with the constructor to improve performance - lib\main.dart:4160:70 - prefer_const_constructors
   info - Use 'const' with the constructor to improve performance - lib\main.dart:4161:38 - prefer_const_constructors
   info - Statements in an if should be enclosed in a block - lib\main.dart:4333:45 - curly_braces_in_flow_control_structures
   info - Statements in an if should be enclosed in a block - lib\main.dart:4334:36 - curly_braces_in_flow_control_structures
   info - Statements in an if should be enclosed in a block - lib\main.dart:4335:44 - curly_braces_in_flow_control_structures
   info - Statements in an if should be enclosed in a block - lib\main.dart:4336:36 - curly_braces_in_flow_control_structures
   info - Statements in an if should be enclosed in a block - lib\main.dart:4337:47 - curly_braces_in_flow_control_structures
   info - Statements in an if should be enclosed in a block - lib\main.dart:4338:52 - curly_braces_in_flow_control_structures
   info - Statements in an if should be enclosed in a block - lib\main.dart:4339:44 - curly_braces_in_flow_control_structures
   info - Statements in an if should be enclosed in a block - lib\main.dart:4340:53 - curly_braces_in_flow_control_structures
   info - Statements in an if should be enclosed in a block - lib\main.dart:4341:49 - curly_braces_in_flow_control_structures
   info - Statements in an if should be enclosed in a block - lib\main.dart:4342:45 - curly_braces_in_flow_control_structures
   info - Statements in an if should be enclosed in a block - lib\main.dart:4343:42 - curly_braces_in_flow_control_structures
   info - Statements in an if should be enclosed in a block - lib\main.dart:4344:51 - curly_braces_in_flow_control_structures
   info - Statements in an if should be enclosed in a block - lib\main.dart:4345:45 - curly_braces_in_flow_control_structures
   info - Statements in an if should be enclosed in a block - lib\main.dart:4346:45 - curly_braces_in_flow_control_structures
   info - Statements in an if should be enclosed in a block - lib\main.dart:4347:10 - curly_braces_in_flow_control_structures
warning - The declaration '_showNewMessageSheet' isn't referenced - lib\messages_screen.dart:201:8 - unused_element
   info - Don't use 'BuildContext's across async gaps, guarded by an unrelated 'mounted' check - lib\messages_screen.dart:1847:42 - use_build_context_synchronously
   info - The private field _jobTitle could be 'final' - lib\onboarding_screen.dart:71:10 - prefer_final_fields
   info - The private field _locationServices could be 'final' - lib\onboarding_screen.dart:85:8 - prefer_final_fields
warning - The value of the field '_locationServices' isn't used - lib\onboarding_screen.dart:85:8 - unused_field
   info - 'withOpacity' is deprecated and shouldn't be used. Use .withValues() to avoid precision loss - lib\onboarding_screen.dart:226:62 - deprecated_member_use
   info - 'withOpacity' is deprecated and shouldn't be used. Use .withValues() to avoid precision loss - lib\onboarding_screen.dart:228:83 - deprecated_member_use
   info - 'withOpacity' is deprecated and shouldn't be used. Use .withValues() to avoid precision loss - lib\onboarding_screen.dart:267:117 - deprecated_member_use
   info - 'withOpacity' is deprecated and shouldn't be used. Use .withValues() to avoid precision loss - lib\onboarding_screen.dart:292:62 - deprecated_member_use
   info - 'withOpacity' is deprecated and shouldn't be used. Use .withValues() to avoid precision loss - lib\onboarding_screen.dart:330:22 - deprecated_member_use
   info - 'withOpacity' is deprecated and shouldn't be used. Use .withValues() to avoid precision loss - lib\onboarding_screen.dart:332:41 - deprecated_member_use
   info - 'withOpacity' is deprecated and shouldn't be used. Use .withValues() to avoid precision loss - lib\onboarding_screen.dart:348:30 - deprecated_member_use
   info - 'withOpacity' is deprecated and shouldn't be used. Use .withValues() to avoid precision loss - lib\onboarding_screen.dart:438:30 - deprecated_member_use
   info - 'withOpacity' is deprecated and shouldn't be used. Use .withValues() to avoid precision loss - lib\onboarding_screen.dart:559:112 - deprecated_member_use
   info - 'withOpacity' is deprecated and shouldn't be used. Use .withValues() to avoid precision loss - lib\onboarding_screen.dart:700:82 - deprecated_member_use
   info - 'withOpacity' is deprecated and shouldn't be used. Use .withValues() to avoid precision loss - lib\onboarding_screen.dart:700:173 - deprecated_member_use
   info - 'withOpacity' is deprecated and shouldn't be used. Use .withValues() to avoid precision loss - lib\onboarding_screen.dart:710:82 - deprecated_member_use
   info - 'withOpacity' is deprecated and shouldn't be used. Use .withValues() to avoid precision loss - lib\onboarding_screen.dart:710:173 - deprecated_member_use
   info - 'withOpacity' is deprecated and shouldn't be used. Use .withValues() to avoid precision loss - lib\onboarding_screen.dart:721:82 - deprecated_member_use
   info - 'withOpacity' is deprecated and shouldn't be used. Use .withValues() to avoid precision loss - lib\onboarding_screen.dart:721:173 - deprecated_member_use
   info - 'withOpacity' is deprecated and shouldn't be used. Use .withValues() to avoid precision loss - lib\onboarding_screen.dart:736:99 - deprecated_member_use
   info - 'withOpacity' is deprecated and shouldn't be used. Use .withValues() to avoid precision loss - lib\onboarding_screen.dart:754:106 - deprecated_member_use
   info - 'withOpacity' is deprecated and shouldn't be used. Use .withValues() to avoid precision loss - lib\onboarding_screen.dart:788:69 - deprecated_member_use
   info - 'withOpacity' is deprecated and shouldn't be used. Use .withValues() to avoid precision loss - lib\onboarding_screen.dart:867:64 - deprecated_member_use
   info - 'withOpacity' is deprecated and shouldn't be used. Use .withValues() to avoid precision loss - lib\onboarding_screen.dart:906:64 - deprecated_member_use
   info - Statements in an if should be enclosed in a block - lib\onboarding_screen.dart:944:28 - curly_braces_in_flow_control_structures
   info - Statements in an if should be enclosed in a block - lib\onboarding_screen.dart:945:56 - curly_braces_in_flow_control_structures
   info - Statements in an if should be enclosed in a block - lib\onboarding_screen.dart:981:34 - curly_braces_in_flow_control_structures
   info - Statements in an if should be enclosed in a block - lib\onboarding_screen.dart:982:66 - curly_braces_in_flow_control_structures
   info - 'withOpacity' is deprecated and shouldn't be used. Use .withValues() to avoid precision loss - lib\onboarding_screen.dart:986:70 - deprecated_member_use
   info - 'activeColor' is deprecated and shouldn't be used. Use activeThumbColor instead. This feature was deprecated after v3.31.0-2.0.pre - lib\onboarding_screen.dart:1026:52 - deprecated_member_use
   info - 'withOpacity' is deprecated and shouldn't be used. Use .withValues() to avoid precision loss - lib\onboarding_screen.dart:1026:164 - deprecated_member_use
   info - 'withOpacity' is deprecated and shouldn't be used. Use .withValues() to avoid precision loss - lib\onboarding_screen.dart:1084:62 - deprecated_member_use
   info - 'withOpacity' is deprecated and shouldn't be used. Use .withValues() to avoid precision loss - lib\onboarding_screen.dart:1085:65 - deprecated_member_use
warning - Unused import: 'follow_list_screen.dart' - lib\profile_screen.dart:17:8 - unused_import
warning - The value of the field '_followersCount' isn't used - lib\profile_screen.dart:82:7 - unused_field
warning - The value of the field '_followingCount' isn't used - lib\profile_screen.dart:83:7 - unused_field
warning - The value of the field '_locationServices' isn't used - lib\profile_screen.dart:92:8 - unused_field
warning - Unnecessary type check; the result is always 'true' - lib\profile_screen.dart:159:30 - unnecessary_type_check
warning - Unnecessary type check; the result is always 'true' - lib\profile_screen.dart:160:30 - unnecessary_type_check
warning - Unnecessary type check; the result is always 'true' - lib\profile_screen.dart:161:25 - unnecessary_type_check
warning - The declaration '_toggleFollow' isn't referenced - lib\profile_screen.dart:188:16 - unused_element
   info - 'Share' is deprecated and shouldn't be used. Use SharePlus instead - lib\profile_screen.dart:252:5 - deprecated_member_use
   info - 'share' is deprecated and shouldn't be used. Use SharePlus.instance.share() instead - lib\profile_screen.dart:252:11 - deprecated_member_use
   info - Use 'const' with the constructor to improve performance - lib\profile_screen.dart:327:23 - prefer_const_constructors
warning - The declaration '_buildStatCol' isn't referenced - lib\profile_screen.dart:636:10 - unused_element
   info - Statements in an if should be enclosed in a block - lib\profile_screen.dart:964:24 - curly_braces_in_flow_control_structures
   info - Statements in an if should be enclosed in a block - lib\profile_screen.dart:965:31 - curly_braces_in_flow_control_structures
   info - Statements in an if should be enclosed in a block - lib\profile_screen.dart:966:31 - curly_braces_in_flow_control_structures
   info - Statements in an if should be enclosed in a block - lib\profile_screen.dart:967:28 - curly_braces_in_flow_control_structures
   info - Use 'const' with the constructor to improve performance - lib\profile_screen.dart:1225:95 - prefer_const_constructors
   info - Use 'const' with the constructor to improve performance - lib\profile_screen.dart:1226:102 - prefer_const_constructors
   info - Use 'const' with the constructor to improve performance - lib\profile_screen.dart:1876:133 - prefer_const_constructors
   info - Don't use 'BuildContext's across async gaps, guarded by an unrelated 'mounted' check - lib\rush_in_consumer_detail_view.dart:829:54 - use_build_context_synchronously
   info - Don't use 'BuildContext's across async gaps, guarded by an unrelated 'mounted' check - lib\rush_in_consumer_detail_view.dart:843:56 - use_build_context_synchronously
   info - Don't use 'BuildContext's across async gaps, guarded by an unrelated 'mounted' check - lib\rush_in_consumer_detail_view.dart:855:54 - use_build_context_synchronously
   info - Don't use 'BuildContext's across async gaps, guarded by an unrelated 'mounted' check - lib\rush_in_consumer_detail_view.dart:868:52 - use_build_context_synchronously
   info - Don't use 'BuildContext's across async gaps, guarded by an unrelated 'mounted' check - lib\rush_in_consumer_detail_view.dart:877:52 - use_build_context_synchronously
warning - The declaration '_switchActiveLocation' isn't referenced - lib\settings_screen.dart:260:16 - unused_element
warning - The declaration '_deleteLocation' isn't referenced - lib\settings_screen.dart:281:8 - unused_element
warning - Unused import: 'dart:math' - lib\spark_screen.dart:5:8 - unused_import
   info - Statements in an if should be enclosed in a block - lib\spark_screen.dart:262:32 - curly_braces_in_flow_control_structures
   info - Statements in an if should be enclosed in a block - lib\spark_screen.dart:263:38 - curly_braces_in_flow_control_structures
   info - Statements in an if should be enclosed in a block - lib\spark_screen.dart:264:16 - curly_braces_in_flow_control_structures
   info - Statements in an if should be enclosed in a block - lib\spark_screen.dart:329:44 - curly_braces_in_flow_control_structures
   info - Statements in an if should be enclosed in a block - lib\spark_screen.dart:330:48 - curly_braces_in_flow_control_structures
   info - Use 'const' with the constructor to improve performance - lib\spark_screen.dart:622:15 - prefer_const_constructors
   info - Use 'const' literals as arguments to constructors of '@immutable' classes - lib\spark_screen.dart:623:27 - prefer_const_literals_to_create_immutables
warning - The declaration '_headerBtn' isn't referenced - lib\spark_screen.dart:634:10 - unused_element
   info - Use 'const' with the constructor to improve performance - lib\spark_screen.dart:913:15 - prefer_const_constructors
   info - Use 'const' with the constructor to improve performance - lib\spark_screen.dart:996:15 - prefer_const_constructors
   info - Use 'const' with the constructor to improve performance - lib\spark_screen.dart:2076:19 - prefer_const_constructors
   info - Use 'const' with the constructor to improve performance - lib\splash_screen.dart:381:7 - prefer_const_constructors
   info - Use 'const' with the constructor to improve performance - lib\splash_screen.dart:382:7 - prefer_const_constructors
   info - Use 'const' with the constructor to improve performance - lib\splash_screen.dart:383:7 - prefer_const_constructors
   info - Use 'const' with the constructor to improve performance - lib\splash_screen.dart:384:7 - prefer_const_constructors
   info - Use 'const' with the constructor to improve performance - lib\splash_screen.dart:385:7 - prefer_const_constructors
   info - Use 'const' with the constructor to improve performance - lib\splash_screen.dart:386:7 - prefer_const_constructors
   info - Use 'const' with the constructor to improve performance - lib\splash_screen.dart:387:7 - prefer_const_constructors
   info - Use 'const' with the constructor to improve performance - lib\splash_screen.dart:388:7 - prefer_const_constructors
   info - Use 'const' with the constructor to improve performance - lib\splash_screen.dart:389:7 - prefer_const_constructors
   info - Use 'const' with the constructor to improve performance - lib\splash_screen.dart:390:7 - prefer_const_constructors
   info - Use 'const' with the constructor to improve performance - lib\splash_screen.dart:391:7 - prefer_const_constructors
   info - Use 'const' with the constructor to improve performance - lib\splash_screen.dart:392:7 - prefer_const_constructors
   info - Don't invoke 'print' in production code - scratch.dart:27:3 - avoid_print
   info - Don't invoke 'print' in production code - scratch.dart:28:3 - avoid_print

